Resolving dependencies...
Build profile: -w ghc-9.12.2 -O1
In order, the following will be built (use -v for more details):
 - typus-0.12.0 (lib) (first run)
 - typus-0.12.0 (exe:typus) (first run)
Configuring library for typus-0.12.0...
Preprocessing library for typus-0.12.0...
Building library for typus-0.12.0...
[ 1 of 54] Compiling Cli              ( src/Cli.hs, dist-newstyle/build/x86_64-linux/ghc-9.12.2/typus-0.12.0/build/Cli.o, dist-newstyle/build/x86_64-linux/ghc-9.12.2/typus-0.12.0/build/Cli.dyn_o )
[ 2 of 54] Compiling CommandLineDebug ( src/CommandLineDebug.hs, dist-newstyle/build/x86_64-linux/ghc-9.12.2/typus-0.12.0/build/CommandLineDebug.o, dist-newstyle/build/x86_64-linux/ghc-9.12.2/typus-0.12.0/build/CommandLineDebug.dyn_o )
[ 3 of 54] Compiling Compiler.Error   ( src/Compiler/Error.hs, dist-newstyle/build/x86_64-linux/ghc-9.12.2/typus-0.12.0/build/Compiler/Error.o, dist-newstyle/build/x86_64-linux/ghc-9.12.2/typus-0.12.0/build/Compiler/Error.dyn_o )
[ 4 of 54] Compiling Compiler.GoAst   ( src/Compiler/GoAst.hs, dist-newstyle/build/x86_64-linux/ghc-9.12.2/typus-0.12.0/build/Compiler/GoAst.o, dist-newstyle/build/x86_64-linux/ghc-9.12.2/typus-0.12.0/build/Compiler/GoAst.dyn_o )
[ 5 of 54] Compiling Compiler.GoLexer ( src/Compiler/GoLexer.hs, dist-newstyle/build/x86_64-linux/ghc-9.12.2/typus-0.12.0/build/Compiler/GoLexer.o, dist-newstyle/build/x86_64-linux/ghc-9.12.2/typus-0.12.0/build/Compiler/GoLexer.dyn_o )
[ 6 of 54] Compiling Debug            ( src/Debug.hs, dist-newstyle/build/x86_64-linux/ghc-9.12.2/typus-0.12.0/build/Debug.o, dist-newstyle/build/x86_64-linux/ghc-9.12.2/typus-0.12.0/build/Debug.dyn_o )
[ 7 of 54] Compiling DebugIntegration ( src/DebugIntegration.hs, dist-newstyle/build/x86_64-linux/ghc-9.12.2/typus-0.12.0/build/DebugIntegration.o, dist-newstyle/build/x86_64-linux/ghc-9.12.2/typus-0.12.0/build/DebugIntegration.dyn_o )
[ 8 of 54] Compiling Dependencies.AST ( src/Dependencies/AST.hs, dist-newstyle/build/x86_64-linux/ghc-9.12.2/typus-0.12.0/build/Dependencies/AST.o, dist-newstyle/build/x86_64-linux/ghc-9.12.2/typus-0.12.0/build/Dependencies/AST.dyn_o )
[ 9 of 54] Compiling Dependencies.Parser ( src/Dependencies/Parser.hs, dist-newstyle/build/x86_64-linux/ghc-9.12.2/typus-0.12.0/build/Dependencies/Parser.o, dist-newstyle/build/x86_64-linux/ghc-9.12.2/typus-0.12.0/build/Dependencies/Parser.dyn_o )
[10 of 54] Compiling Dependencies.TypeSystem ( src/Dependencies/TypeSystem.hs, dist-newstyle/build/x86_64-linux/ghc-9.12.2/typus-0.12.0/build/Dependencies/TypeSystem.o, dist-newstyle/build/x86_64-linux/ghc-9.12.2/typus-0.12.0/build/Dependencies/TypeSystem.dyn_o )
[11 of 54] Compiling Dependencies.Inference ( src/Dependencies/Inference.hs, dist-newstyle/build/x86_64-linux/ghc-9.12.2/typus-0.12.0/build/Dependencies/Inference.o, dist-newstyle/build/x86_64-linux/ghc-9.12.2/typus-0.12.0/build/Dependencies/Inference.dyn_o )
[12 of 54] Compiling Dependencies.Analyzer ( src/Dependencies/Analyzer.hs, dist-newstyle/build/x86_64-linux/ghc-9.12.2/typus-0.12.0/build/Dependencies/Analyzer.o, dist-newstyle/build/x86_64-linux/ghc-9.12.2/typus-0.12.0/build/Dependencies/Analyzer.dyn_o )
[13 of 54] Compiling Dependencies     ( src/Dependencies.hs, dist-newstyle/build/x86_64-linux/ghc-9.12.2/typus-0.12.0/build/Dependencies.o, dist-newstyle/build/x86_64-linux/ghc-9.12.2/typus-0.12.0/build/Dependencies.dyn_o )
[14 of 54] Compiling DependentTypesParser ( src/DependentTypesParser.hs, dist-newstyle/build/x86_64-linux/ghc-9.12.2/typus-0.12.0/build/DependentTypesParser.o, dist-newstyle/build/x86_64-linux/ghc-9.12.2/typus-0.12.0/build/DependentTypesParser.dyn_o )
[19 of 54] Compiling Compiler.Errors.Core ( src/Compiler/Errors/Core.hs, dist-newstyle/build/x86_64-linux/ghc-9.12.2/typus-0.12.0/build/Compiler/Errors/Core.o, dist-newstyle/build/x86_64-linux/ghc-9.12.2/typus-0.12.0/build/Compiler/Errors/Core.dyn_o ) [Missing dynamic object file]
[20 of 54] Compiling ErrorHandler     ( src/ErrorHandler.hs, dist-newstyle/build/x86_64-linux/ghc-9.12.2/typus-0.12.0/build/ErrorHandler.o, dist-newstyle/build/x86_64-linux/ghc-9.12.2/typus-0.12.0/build/ErrorHandler.dyn_o ) [Missing dynamic object file]
[21 of 54] Compiling Ownership.Lexer  ( src/Ownership/Lexer.hs, dist-newstyle/build/x86_64-linux/ghc-9.12.2/typus-0.12.0/build/Ownership/Lexer.o, dist-newstyle/build/x86_64-linux/ghc-9.12.2/typus-0.12.0/build/Ownership/Lexer.dyn_o ) [Missing dynamic object file]
[22 of 54] Compiling Ownership.Parser ( src/Ownership/Parser.hs, dist-newstyle/build/x86_64-linux/ghc-9.12.2/typus-0.12.0/build/Ownership/Parser.o, dist-newstyle/build/x86_64-linux/ghc-9.12.2/typus-0.12.0/build/Ownership/Parser.dyn_o ) [Missing dynamic object file]
[23 of 54] Compiling Ownership.Analyzer ( src/Ownership/Analyzer.hs, dist-newstyle/build/x86_64-linux/ghc-9.12.2/typus-0.12.0/build/Ownership/Analyzer.o, dist-newstyle/build/x86_64-linux/ghc-9.12.2/typus-0.12.0/build/Ownership/Analyzer.dyn_o ) [Missing dynamic object file]
[24 of 54] Compiling Ownership.Reporter ( src/Ownership/Reporter.hs, dist-newstyle/build/x86_64-linux/ghc-9.12.2/typus-0.12.0/build/Ownership/Reporter.o, dist-newstyle/build/x86_64-linux/ghc-9.12.2/typus-0.12.0/build/Ownership/Reporter.dyn_o ) [Missing dynamic object file]
[25 of 54] Compiling Ownership        ( src/Ownership.hs, dist-newstyle/build/x86_64-linux/ghc-9.12.2/typus-0.12.0/build/Ownership.o, dist-newstyle/build/x86_64-linux/ghc-9.12.2/typus-0.12.0/build/Ownership.dyn_o ) [Missing dynamic object file]
[26 of 54] Compiling Analyzer.Types   ( src/Analyzer/Types.hs, dist-newstyle/build/x86_64-linux/ghc-9.12.2/typus-0.12.0/build/Analyzer/Types.o, dist-newstyle/build/x86_64-linux/ghc-9.12.2/typus-0.12.0/build/Analyzer/Types.dyn_o ) [Missing dynamic object file]
[27 of 54] Compiling Analyzer.State   ( src/Analyzer/State.hs, dist-newstyle/build/x86_64-linux/ghc-9.12.2/typus-0.12.0/build/Analyzer/State.o, dist-newstyle/build/x86_64-linux/ghc-9.12.2/typus-0.12.0/build/Analyzer/State.dyn_o ) [Missing dynamic object file]
[28 of 54] Compiling Analyzer.CrossAnalysis ( src/Analyzer/CrossAnalysis.hs, dist-newstyle/build/x86_64-linux/ghc-9.12.2/typus-0.12.0/build/Analyzer/CrossAnalysis.o, dist-newstyle/build/x86_64-linux/ghc-9.12.2/typus-0.12.0/build/Analyzer/CrossAnalysis.dyn_o ) [Missing dynamic object file]
[29 of 54] Compiling SimpleSyntaxValidator ( src/SimpleSyntaxValidator.hs, dist-newstyle/build/x86_64-linux/ghc-9.12.2/typus-0.12.0/build/SimpleSyntaxValidator.o, dist-newstyle/build/x86_64-linux/ghc-9.12.2/typus-0.12.0/build/SimpleSyntaxValidator.dyn_o ) [Missing dynamic object file]
[30 of 54] Compiling SourceLocation   ( src/SourceLocation.hs, dist-newstyle/build/x86_64-linux/ghc-9.12.2/typus-0.12.0/build/SourceLocation.o, dist-newstyle/build/x86_64-linux/ghc-9.12.2/typus-0.12.0/build/SourceLocation.dyn_o ) [Missing dynamic object file]
[31 of 54] Compiling Compiler.Errors.Compiler ( src/Compiler/Errors/Compiler.hs, dist-newstyle/build/x86_64-linux/ghc-9.12.2/typus-0.12.0/build/Compiler/Errors/Compiler.o, dist-newstyle/build/x86_64-linux/ghc-9.12.2/typus-0.12.0/build/Compiler/Errors/Compiler.dyn_o ) [Missing dynamic object file]
[32 of 54] Compiling EnhancedErrorHandler ( src/EnhancedErrorHandler.hs, dist-newstyle/build/x86_64-linux/ghc-9.12.2/typus-0.12.0/build/EnhancedErrorHandler.o, dist-newstyle/build/x86_64-linux/ghc-9.12.2/typus-0.12.0/build/EnhancedErrorHandler.dyn_o ) [Missing dynamic object file]
[33 of 54] Compiling Compiler.Errors  ( src/Compiler/Errors.hs, dist-newstyle/build/x86_64-linux/ghc-9.12.2/typus-0.12.0/build/Compiler/Errors.o, dist-newstyle/build/x86_64-linux/ghc-9.12.2/typus-0.12.0/build/Compiler/Errors.dyn_o ) [Missing dynamic object file]
[34 of 54] Compiling SyntaxValidator  ( src/SyntaxValidator.hs, dist-newstyle/build/x86_64-linux/ghc-9.12.2/typus-0.12.0/build/SyntaxValidator.o, dist-newstyle/build/x86_64-linux/ghc-9.12.2/typus-0.12.0/build/SyntaxValidator.dyn_o ) [Missing dynamic object file]
[35 of 54] Compiling Utils            ( src/Utils.hs, dist-newstyle/build/x86_64-linux/ghc-9.12.2/typus-0.12.0/build/Utils.o, dist-newstyle/build/x86_64-linux/ghc-9.12.2/typus-0.12.0/build/Utils.dyn_o ) [Missing dynamic object file]
[36 of 54] Compiling Parser           ( src/Parser.hs, dist-newstyle/build/x86_64-linux/ghc-9.12.2/typus-0.12.0/build/Parser.o, dist-newstyle/build/x86_64-linux/ghc-9.12.2/typus-0.12.0/build/Parser.dyn_o ) [Missing dynamic object file]
[37 of 54] Compiling Compiler.DependentTypeChecker ( src/Compiler/DependentTypeChecker.hs, dist-newstyle/build/x86_64-linux/ghc-9.12.2/typus-0.12.0/build/Compiler/DependentTypeChecker.o, dist-newstyle/build/x86_64-linux/ghc-9.12.2/typus-0.12.0/build/Compiler/DependentTypeChecker.dyn_o ) [Missing dynamic object file]
[38 of 54] Compiling Compiler.GoParsing ( src/Compiler/GoParsing.hs, dist-newstyle/build/x86_64-linux/ghc-9.12.2/typus-0.12.0/build/Compiler/GoParsing.o, dist-newstyle/build/x86_64-linux/ghc-9.12.2/typus-0.12.0/build/Compiler/GoParsing.dyn_o ) [Missing dynamic object file]
[39 of 54] Compiling Compiler.GoVarSpec ( src/Compiler/GoVarSpec.hs, dist-newstyle/build/x86_64-linux/ghc-9.12.2/typus-0.12.0/build/Compiler/GoVarSpec.o, dist-newstyle/build/x86_64-linux/ghc-9.12.2/typus-0.12.0/build/Compiler/GoVarSpec.dyn_o ) [Missing dynamic object file]
[40 of 54] Compiling Compiler.ValueAnalysis ( src/Compiler/ValueAnalysis.hs, dist-newstyle/build/x86_64-linux/ghc-9.12.2/typus-0.12.0/build/Compiler/ValueAnalysis.o, dist-newstyle/build/x86_64-linux/ghc-9.12.2/typus-0.12.0/build/Compiler/ValueAnalysis.dyn_o ) [Missing dynamic object file]
[41 of 54] Compiling Compiler.OwnershipChecker ( src/Compiler/OwnershipChecker.hs, dist-newstyle/build/x86_64-linux/ghc-9.12.2/typus-0.12.0/build/Compiler/OwnershipChecker.o, dist-newstyle/build/x86_64-linux/ghc-9.12.2/typus-0.12.0/build/Compiler/OwnershipChecker.dyn_o ) [Missing dynamic object file]
[42 of 54] Compiling Compiler.IR      ( src/Compiler/IR.hs, dist-newstyle/build/x86_64-linux/ghc-9.12.2/typus-0.12.0/build/Compiler/IR.o, dist-newstyle/build/x86_64-linux/ghc-9.12.2/typus-0.12.0/build/Compiler/IR.dyn_o ) [Missing dynamic object file]
[43 of 54] Compiling Compiler.TypeChecker ( src/Compiler/TypeChecker.hs, dist-newstyle/build/x86_64-linux/ghc-9.12.2/typus-0.12.0/build/Compiler/TypeChecker.o, dist-newstyle/build/x86_64-linux/ghc-9.12.2/typus-0.12.0/build/Compiler/TypeChecker.dyn_o ) [Missing dynamic object file]
[44 of 54] Compiling Compiler         ( src/Compiler.hs, dist-newstyle/build/x86_64-linux/ghc-9.12.2/typus-0.12.0/build/Compiler.o, dist-newstyle/build/x86_64-linux/ghc-9.12.2/typus-0.12.0/build/Compiler.dyn_o ) [Missing dynamic object file]
[45 of 54] Compiling Tooling.Error    ( src/Tooling/Error.hs, dist-newstyle/build/x86_64-linux/ghc-9.12.2/typus-0.12.0/build/Tooling/Error.o, dist-newstyle/build/x86_64-linux/ghc-9.12.2/typus-0.12.0/build/Tooling/Error.dyn_o ) [Missing dynamic object file]
[46 of 54] Compiling GoToolchain      ( src/GoToolchain.hs, dist-newstyle/build/x86_64-linux/ghc-9.12.2/typus-0.12.0/build/GoToolchain.o, dist-newstyle/build/x86_64-linux/ghc-9.12.2/typus-0.12.0/build/GoToolchain.dyn_o ) [Missing dynamic object file]
[47 of 54] Compiling CompilerUtils    ( src/CompilerUtils.hs, dist-newstyle/build/x86_64-linux/ghc-9.12.2/typus-0.12.0/build/CompilerUtils.o, dist-newstyle/build/x86_64-linux/ghc-9.12.2/typus-0.12.0/build/CompilerUtils.dyn_o ) [Missing dynamic object file]
[48 of 54] Compiling EmbedAssets      ( src/EmbedAssets.hs, dist-newstyle/build/x86_64-linux/ghc-9.12.2/typus-0.12.0/build/EmbedAssets.o, dist-newstyle/build/x86_64-linux/ghc-9.12.2/typus-0.12.0/build/EmbedAssets.dyn_o ) [Missing dynamic object file]
[49 of 54] Compiling Cli.Runner       ( src/Cli/Runner.hs, dist-newstyle/build/x86_64-linux/ghc-9.12.2/typus-0.12.0/build/Cli/Runner.o, dist-newstyle/build/x86_64-linux/ghc-9.12.2/typus-0.12.0/build/Cli/Runner.dyn_o )
[50 of 54] Compiling Analyzer.SymbolTable ( src/Analyzer/SymbolTable.hs, dist-newstyle/build/x86_64-linux/ghc-9.12.2/typus-0.12.0/build/Analyzer/SymbolTable.o, dist-newstyle/build/x86_64-linux/ghc-9.12.2/typus-0.12.0/build/Analyzer/SymbolTable.dyn_o )
[51 of 54] Compiling Analyzer.OwnershipBridge ( src/Analyzer/OwnershipBridge.hs, dist-newstyle/build/x86_64-linux/ghc-9.12.2/typus-0.12.0/build/Analyzer/OwnershipBridge.o, dist-newstyle/build/x86_64-linux/ghc-9.12.2/typus-0.12.0/build/Analyzer/OwnershipBridge.dyn_o )
[52 of 54] Compiling Analyzer.DependentTypeBridge ( src/Analyzer/DependentTypeBridge.hs, dist-newstyle/build/x86_64-linux/ghc-9.12.2/typus-0.12.0/build/Analyzer/DependentTypeBridge.o, dist-newstyle/build/x86_64-linux/ghc-9.12.2/typus-0.12.0/build/Analyzer/DependentTypeBridge.dyn_o )
[53 of 54] Compiling AnalyzerIntegration ( src/AnalyzerIntegration.hs, dist-newstyle/build/x86_64-linux/ghc-9.12.2/typus-0.12.0/build/AnalyzerIntegration.o, dist-newstyle/build/x86_64-linux/ghc-9.12.2/typus-0.12.0/build/AnalyzerIntegration.dyn_o )
[54 of 54] Compiling IntegratedCompiler ( src/IntegratedCompiler.hs, dist-newstyle/build/x86_64-linux/ghc-9.12.2/typus-0.12.0/build/IntegratedCompiler.o, dist-newstyle/build/x86_64-linux/ghc-9.12.2/typus-0.12.0/build/IntegratedCompiler.dyn_o )
ghc-9.12.2: can't find a package database at /home/runner/work/Typus/Typus/dist-newstyle/packagedb/ghc-9.12.2
Error: [Cabal-7125]
Failed to build typus-0.12.0 (which is required by exe:typus from typus-0.12.0).

